coreNodes	corePerf
1  		50653004
3  		35475016
5  		17560384
7  		17820707
8  		24244187
9  		17623452
11  		19228786
13  		13513105
14  		18356034
15  		13703610
19  		11156226

