lnfNodes	lnfPerf
1 		4792762
3 		4473743
5 		4003197
7 		3877548
8 		4122759
9 		3757080
11 		4114952
13 		3667251
14 		3948576
15 		3675931
19 		3435950

