 nfNodes	nfperformance
1 	5091127,33333333
3 	4980394
5 	4714799,5
7 	4728014
8 	4467731
9 	4672956,5
11 	4687973,75
13 	4831714
14 	4738199
15 	4555142
19 	4593417,8

